24801
45669
27202
56320
30169
51426
26788
3486
16769
37827
18506
445
29803
38434
25342
36497
13407
45579
43334
38597
55133
48006
19805
35964
32415
60306
52794
21582
37270
13094
25225
2130
39146
28206
50094
39695
31099
30356
55494
23177
36707
